missing_typevar.impala:1 col 8: error: 'A' not found in current scope
