unreachable.impala:2 col 5 - 14: error: expression does not return; subsequent statements are unreachable
