wrong_arg_num1.impala:2 col 4 - 6: error: too few arguments: 0 for 1
